Compiled using GNU Fortran (Ubuntu 11.3.0-1ubuntu1~22.04) 11.3.0 with all optimizations
Last Brick update 13:30:52 on May 10 2023
Compiled at 13:30:59 on May 10 2023
Starting at 16:44:36 on Apr 14 2025

Settings
OK                      

Forcefield
WARNING                 Sigma of Atom Type H_TIP3P is very small.

Topology
OK                      

Configuration
OK                      Read from ./INPUT/restart.in

Weightfunction
OK                      Read from ./INPUT/weightfunction.in

 F
Monte Carlo Simulation initialized.

##############################################################################
######################   ENERGY STARTING CONFIGURATION   #####################
##############################################################################

Lennard Jones        
 Intermolecular                          0.3958846231E+006
 Tailcorrection                         -0.6060522565E+004
Total Intermolecular                     0.3898241005E+006

Electrostatic        
 Real                                   -0.2600023176E+007
 Exclusion                               0.1491601458E+008
 Selfterm                               -0.1514274305E+008
 Fourier                                 0.1372868943E+005
Total Intermolecular                    -0.2813022959E+007

Intramolecular       
 Lennard Jones                           0.0000000000E+000
 Electrostatic                           0.0000000000E+000
 Bending                                 0.0000000000E+000
 Torsion                                 0.0000000000E+000

Total                                   -0.2423198858E+007

##############################################################################

Simulation is running...



##############################################################################
#########################   RELATIVE ENERGY DRIFTS   #########################
##############################################################################

Lennard Jones        
 Intermolecular                          0.4075635790E-014
 Tailcorrection                          0.0000000000E+000

Electrostatic        
 Real                                    0.2368071929E-014
 Exclusion                               0.0000000000E+000
 Selfterm                                0.0000000000E+000
 Fourier                                 0.1176082132E-015

Intramolecular       
 Lennard Jones                           0.0000000000E+000
 Electrostatic                           0.0000000000E+000
 Bending                                 0.0000000000E+000
 Torsion                                 0.0000000000E+000

Total                                    0.5850437692E-015

##############################################################################
#######################   TRIAL MOVE ACCEPTANCE RATES   ######################
##############################################################################

Translation
 water                                        0.50860
 O                                            0.50291
------------------------------------------------------------------------------
Rotation
 water                                        0.50055
 O                                            0.00000
------------------------------------------------------------------------------
Bond Bending
------------------------------------------------------------------------------
Torsion
------------------------------------------------------------------------------
Lambda Move
 O_f                                          0.84504
 water_f                                      0.62938
------------------------------------------------------------------------------
Fractional Reinsertion
 O_f                                          0.26360
 water_f                                      0.39133
------------------------------------------------------------------------------
Fractional Identity Change
 O_f                                          0.00000
 water_f                                      0.14088
------------------------------------------------------------------------------
Volume                                        0.50228

##############################################################################
################################   AVERAGES   ################################
##############################################################################
                                             Boltzmann            Biased
Density
 water                                   0.9675651762E+003   0.9701315757E+003
 O                                       0.0000000000E+000   0.0000000000E+000
 Total                                   0.9675651762E+003   0.9701315757E+003

Number of molecules
 water                                   0.5000000000E+003   0.5000000000E+003
 O                                       0.0000000000E+000   0.0000000000E+000
 Total                                   0.5000000000E+003   0.5000000000E+003

Mole fractions
 water                                        1.00000             1.00000
 O                                            0.00000             0.00000

Volume                                   0.1546285227E+005   0.1542060264E+005

##############################################################################
##########################   PROPERTIES FROM CFCMC   #########################
##############################################################################
                                             Boltzmann            Biased
Chemical Potentials
==============================================================================

Total O_f                                        -Infinity           -Infinity
 Ideal gas                                       -Infinity           -Infinity
 Excess                                 -0.9863187656E+003  -0.9863187656E+003

------------------------------------------------------------------------------

Total water_f                           -0.4073938645E+004  -0.4073109534E+004
 Ideal gas                              -0.1074007871E+004  -0.1073178759E+004
 Excess                                 -0.2999930775E+004  -0.2999930775E+004

------------------------------------------------------------------------------

Fugacity coefficients
==============================================================================

O_f                                                    NaN                 NaN
water_f                                  0.9612514313E-001   0.9638850841E-001

Excess Partial Molar Enthalpy
==============================================================================

O_f                                     -0.2448684679E+004
water_f                                 -0.5049586478E+004

Partial Molar Volume
==============================================================================

O_f                                      0.5648394992E+001
water_f                                  0.3405323747E+002


##############################################################################
####################   PROPERTIES FROM UMBRELLA SAMPLING   ###################
##############################################################################

Excess Partial Molar Enthalpy
==============================================================================

O_f                                                    NaN
water_f                                 -0.4947220390E+004

Partial Molar Volume
==============================================================================

O_f                                                    NaN
water_f                                  0.3534561071E+002

##############################################################################
############################   AVERAGE ENERGIES   ############################
##############################################################################
                                             Boltzmann            Biased
Lennard Jones        
 Intermolecular                          0.3575535824E+006   0.3529545019E+006
 Tailcorrection                         -0.5913271481E+004  -0.5915918348E+004
Total Intermolecular                     0.3516403110E+006   0.3470385835E+006

Electrostatic        
 Real                                   -0.2515980049E+007  -0.2500049385E+007
 Exclusion                               0.1494464422E+008   0.1492022940E+008
 Selfterm                               -0.1517180840E+008  -0.1514702274E+008
 Fourier                                 0.1457212398E+005   0.1515524506E+005
Total Intermolecular                    -0.2728572106E+007  -0.2711687483E+007

Intramolecular       
 Lennard Jones                           0.0000000000E+000   0.0000000000E+000
 Electrostatic                           0.0000000000E+000   0.0000000000E+000
 Bending                                 0.0000000000E+000   0.0000000000E+000
 Torsion                                 0.0000000000E+000   0.0000000000E+000

Total                                   -0.2376931795E+007  -0.2364648900E+007

##############################################################################                                           

No errors found in bookkeeping.

Total simulation time : 12 days and  18 hours

Simulation finished.

